 Image docker-inference Building 
 Image docker-alerts Building 
 Image docker-governance Building 
 Image docker-aggregator Building 
 Image docker-simulator Building 
 Image docker-features Building 
 Image docker-gateway-api Building 
 Image docker-query Building 
#1 [internal] load local bake definitions
#1 reading from stdin 4.03kB done
#1 DONE 0.0s

#2 [aggregator internal] load build definition from Dockerfile-go
#2 transferring dockerfile:
#2 transferring dockerfile: 428B 0.0s done
#2 DONE 1.3s

#3 [inference internal] load build definition from Dockerfile.inference
#3 transferring dockerfile: 240B done
#3 DONE 1.3s

#4 [governance internal] load metadata for docker.io/library/golang:1.22
#4 DONE 0.0s

#5 [gateway-api internal] load metadata for gcr.io/distroless/static-debian12:latest
#5 DONE 1.1s

#6 [auth] library/python:pull token for registry-1.docker.io
#6 DONE 0.0s

#7 [aggregator internal] load .dockerignore
#7 transferring context:
#7 transferring context: 2B done
#7 DONE 0.6s

#8 [aggregator build 1/6] FROM docker.io/library/golang:1.22@sha256:1cf6c45ba39db9fd6db16922041d074a63c935556a05c5ccb62d181034df7f02
#8 resolve docker.io/library/golang:1.22@sha256:1cf6c45ba39db9fd6db16922041d074a63c935556a05c5ccb62d181034df7f02 0.0s done
#8 DONE 0.1s

#9 [governance stage-1 1/5] FROM gcr.io/distroless/static-debian12:latest@sha256:20bc6c0bc4d625a22a8fde3e55f6515709b32055ef8fb9cfbddaa06d1760f838
#9 resolve gcr.io/distroless/static-debian12:latest@sha256:20bc6c0bc4d625a22a8fde3e55f6515709b32055ef8fb9cfbddaa06d1760f838 0.0s done
#9 DONE 0.1s

#10 [governance internal] load build context
#10 ...

#7 [inference internal] load .dockerignore
#7 transferring context: 2B done
#7 DONE 0.6s

#11 [inference internal] load metadata for docker.io/library/python:3.11-slim
#11 DONE 3.1s

#10 [governance internal] load build context
#10 transferring context: 192.83MB 5.1s
#10 ...

#12 [inference 1/5] FROM docker.io/library/python:3.11-slim@sha256:c8271b1f627d0068857dce5b53e14a9558603b527e46f1f901722f935b786a39
#12 resolve docker.io/library/python:3.11-slim@sha256:c8271b1f627d0068857dce5b53e14a9558603b527e46f1f901722f935b786a39 0.1s done
#12 DONE 0.1s

#10 [governance internal] load build context
#10 ...

#13 [inference internal] load build context
#13 transferring context: 2.44kB 2.1s done
#13 DONE 3.3s

#14 [inference 2/5] WORKDIR /app
#14 CACHED

#15 [inference 3/5] COPY services/inference/requirements.txt .
#15 CACHED

#16 [inference 4/5] RUN pip install --no-cache-dir -r requirements.txt
#16 CACHED

#17 [inference 5/5] COPY services/inference .
#17 CACHED

#10 [governance internal] load build context
#10 ...

#18 [inference] exporting to image
#18 exporting layers 0.0s done
#18 exporting manifest sha256:c3ae6b2df4ab94d42c30e3ab72478c3f1ed88ef64d65dccb002b2474382a6692 done
#18 exporting config sha256:58be77d71bd613adb9ce74056a9825989e93fb56ece40ffd473892eccd5e2f83 done
#18 exporting attestation manifest sha256:26f38588ee5ccfe5a9534190a5a7b021b1ef292a8faa7e36d16da7397991184d 0.1s done
#18 exporting manifest list sha256:7b4b042e6a9c5ec745f48b2dc45e8938b7a54d69835bb1bc422b12c3b631bf80 0.0s done
#18 naming to docker.io/library/docker-inference:latest done
#18 unpacking to docker.io/library/docker-inference:latest 0.0s done
#18 DONE 0.3s

#10 [governance internal] load build context
#10 ...

#19 [inference] resolving provenance for metadata file
#19 DONE 0.0s

#10 [governance internal] load build context
#10 transferring context: 456.29MB 12.7s
#10 transferring context: 631.23MB 17.2s done
#10 DONE 17.2s

#20 [query build 3/6] COPY go.mod go.sum ./
#20 CACHED

#21 [query build 2/6] WORKDIR /app
#21 CACHED

#22 [query build 4/6] RUN go mod download
#22 CACHED

#21 [aggregator build 2/6] WORKDIR /app
#21 CACHED

#20 [aggregator build 3/6] COPY go.mod go.sum ./
#20 CACHED

#23 [features build 5/6] COPY . .
#23 DONE 4.5s

#24 [features build 6/6] RUN CGO_ENABLED=0 GOOS=linux go build -o /bin/service ./cmd/features
#24 ...

#25 [simulator build 6/6] RUN CGO_ENABLED=0 GOOS=linux go build -o /bin/service ./cmd/simulator
#25 ...

#26 [gateway-api build 6/6] RUN CGO_ENABLED=0 GOOS=linux go build -o /bin/service ./cmd/gateway-api
#26 ...

#27 [governance build 6/6] RUN CGO_ENABLED=0 GOOS=linux go build -o /bin/service ./cmd/governance
#27 ...

#28 [query build 6/6] RUN CGO_ENABLED=0 GOOS=linux go build -o /bin/service ./cmd/query
#28 ...

#29 [aggregator build 6/6] RUN CGO_ENABLED=0 GOOS=linux go build -o /bin/service ./cmd/aggregator
#29 ...

#30 [alerts build 6/6] RUN CGO_ENABLED=0 GOOS=linux go build -o /bin/service ./cmd/alerts
#30 ...

#28 [query build 6/6] RUN CGO_ENABLED=0 GOOS=linux go build -o /bin/service ./cmd/query
#28 DONE 44.5s

#25 [simulator build 6/6] RUN CGO_ENABLED=0 GOOS=linux go build -o /bin/service ./cmd/simulator
#25 ...

#31 [query stage-1 2/5] COPY --from=build /bin/service /app/service
#31 CACHED

#32 [query stage-1 3/5] COPY --from=build /app/services/inference/models /app/inference-models
#32 CACHED

#33 [query stage-1 4/5] WORKDIR /app
#33 CACHED

#34 [query stage-1 5/5] COPY keys ./keys
#34 CACHED

#27 [governance build 6/6] RUN CGO_ENABLED=0 GOOS=linux go build -o /bin/service ./cmd/governance
#27 DONE 44.7s

#35 [query] exporting to image
#35 exporting layers 0.0s done
#35 exporting manifest sha256:6e16273742432eb329b38df693f6f57d3c42d0199f89225b4de0eadb36915019 done
#35 exporting config sha256:cb4fd1f752043b71e14235388a6215727d44ceff7c87690d69dd08069723b3df done
#35 exporting attestation manifest sha256:0326cbead959c26d65def473e18d9b6fc5658d52de66af8ccbd92833a6a47ca7
#35 exporting attestation manifest sha256:0326cbead959c26d65def473e18d9b6fc5658d52de66af8ccbd92833a6a47ca7 0.1s done
#35 exporting manifest list sha256:6eb422ca6bf714d2ff6635b938feac1f251ee5efaf846d868e2a2e91059a2eab
#35 ...

#26 [gateway-api build 6/6] RUN CGO_ENABLED=0 GOOS=linux go build -o /bin/service ./cmd/gateway-api
#26 DONE 45.0s

#36 [governance stage-1 2/5] COPY --from=build /bin/service /app/service
#36 CACHED

#37 [governance stage-1 3/5] COPY --from=build /app/services/inference/models /app/inference-models
#37 CACHED

#38 [governance stage-1 4/5] WORKDIR /app
#38 CACHED

#39 [governance stage-1 5/5] COPY keys ./keys
#39 CACHED

#35 [query] exporting to image
#35 exporting manifest list sha256:6eb422ca6bf714d2ff6635b938feac1f251ee5efaf846d868e2a2e91059a2eab 0.0s done
#35 naming to docker.io/library/docker-query:latest done
#35 unpacking to docker.io/library/docker-query:latest 0.1s done
#35 DONE 0.5s

#40 [gateway-api stage-1 2/5] COPY --from=build /bin/service /app/service
#40 CACHED

#41 [gateway-api stage-1 3/5] COPY --from=build /app/services/inference/models /app/inference-models
#41 CACHED

#42 [gateway-api stage-1 4/5] WORKDIR /app
#42 CACHED

#43 [gateway-api stage-1 5/5] COPY keys ./keys
#43 CACHED

#44 [governance] exporting to image
#44 exporting layers 0.0s done
#44 exporting manifest sha256:fee7a9015a0c06ec6680cc03f2a1d5eacb90002a98ce2ee071f89e303329b9d6 done
#44 exporting config sha256:32e8bcf3b7515eba8483b7a803475cd3997d5a988a252c108057fc28ad4c5f16 done
#44 exporting attestation manifest sha256:f892f9ee09c47ac7eb09cd901c3c557786cfbd87f6cc4499ec23703c0b582be8 0.0s done
#44 exporting manifest list sha256:a3a98303949c1bf9957a52f4ce5a9b993f4921719b87865e60cdb85b70cbbbb7 0.0s done
#44 naming to docker.io/library/docker-governance:latest done
#44 unpacking to docker.io/library/docker-governance:latest
#44 unpacking to docker.io/library/docker-governance:latest 0.1s done
#44 DONE 0.5s

#45 [gateway-api] exporting to image
#45 exporting layers 0.1s done
#45 exporting manifest sha256:5b413c4a11975146412ce41c0f460a60d35ca78ffd20217d40b4009bfd136f4d done
#45 exporting config sha256:b5c5e98addf1121fa0e5bbc8cdebe46f045590b549ed83be37e77ad4109f3825 done
#45 exporting attestation manifest sha256:eae87a9b3322bdf949b316a101f0c804243a29b37e6e51b554536850f198c5f3 0.0s done
#45 exporting manifest list sha256:94e785fc24c65784fdfdecd0d7aa23ce052b0b7afa4608679b8600a0b9d5cceb 0.0s done
#45 naming to docker.io/library/docker-gateway-api:latest done
#45 unpacking to docker.io/library/docker-gateway-api:latest
#45 unpacking to docker.io/library/docker-gateway-api:latest 0.1s done
#45 DONE 0.4s

#25 [simulator build 6/6] RUN CGO_ENABLED=0 GOOS=linux go build -o /bin/service ./cmd/simulator
#25 ...

#46 [query] resolving provenance for metadata file
#46 DONE 0.1s

#47 [governance] resolving provenance for metadata file
#47 DONE 0.0s

#48 [gateway-api] resolving provenance for metadata file
#48 DONE 0.0s

#29 [aggregator build 6/6] RUN CGO_ENABLED=0 GOOS=linux go build -o /bin/service ./cmd/aggregator
#29 ...

#25 [simulator build 6/6] RUN CGO_ENABLED=0 GOOS=linux go build -o /bin/service ./cmd/simulator
#25 DONE 47.3s

#24 [features build 6/6] RUN CGO_ENABLED=0 GOOS=linux go build -o /bin/service ./cmd/features
#24 ...

#49 [simulator stage-1 2/5] COPY --from=build /bin/service /app/service
#49 CACHED

#50 [simulator stage-1 3/5] COPY --from=build /app/services/inference/models /app/inference-models
#50 CACHED

#51 [simulator stage-1 4/5] WORKDIR /app
#51 CACHED

#52 [simulator stage-1 5/5] COPY keys ./keys
#52 CACHED

#53 [simulator] exporting to image
#53 exporting layers 0.0s done
#53 exporting manifest sha256:ce200e82df58fe2c248a09e077234b078b73d8610eeea48a6c82a0e8d9a93707 done
#53 exporting config sha256:38a536e45c9d3ba62d888020e9c69824dd10d58c965f204f3d62e5035d0910e3 done
#53 exporting attestation manifest sha256:5fcbf21e78dcc7e05d1f7db6c531014f62cbbf43ad43a9ee95997079aeffc98d
#53 exporting attestation manifest sha256:5fcbf21e78dcc7e05d1f7db6c531014f62cbbf43ad43a9ee95997079aeffc98d 0.0s done
#53 exporting manifest list sha256:50c61a3d9f7f565da502d75b7f6c1f230418868f4e6a7b49e6bc86a8a2527836 0.0s done
#53 naming to docker.io/library/docker-simulator:latest done
#53 unpacking to docker.io/library/docker-simulator:latest 0.1s done
#53 DONE 0.4s

#30 [alerts build 6/6] RUN CGO_ENABLED=0 GOOS=linux go build -o /bin/service ./cmd/alerts
#30 ...

#54 [simulator] resolving provenance for metadata file
#54 DONE 0.0s

#24 [features build 6/6] RUN CGO_ENABLED=0 GOOS=linux go build -o /bin/service ./cmd/features
#24 DONE 49.5s

#30 [alerts build 6/6] RUN CGO_ENABLED=0 GOOS=linux go build -o /bin/service ./cmd/alerts
#30 ...

#29 [aggregator build 6/6] RUN CGO_ENABLED=0 GOOS=linux go build -o /bin/service ./cmd/aggregator
#29 DONE 49.7s

#55 [features stage-1 4/5] WORKDIR /app
#55 CACHED

#56 [features stage-1 2/5] COPY --from=build /bin/service /app/service
#56 CACHED

#57 [features stage-1 3/5] COPY --from=build /app/services/inference/models /app/inference-models
#57 CACHED

#58 [features stage-1 5/5] COPY keys ./keys
#58 CACHED

#59 [features] exporting to image
#59 exporting layers 0.0s done
#59 exporting manifest sha256:8769aaede87430e332c1686d49996c4d9de844d1fe3e4ede6a156468ee31ccb2 done
#59 exporting config sha256:f2e1b70c5eda8a1bad31adc80c008b0b3a32b7da1500616e765767667204c871 done
#59 exporting attestation manifest sha256:f60843e6a1a87137524ef4688072a1f210b48764923775f8f8bf29644f9af1a1
#59 ...

#60 [aggregator stage-1 2/5] COPY --from=build /bin/service /app/service
#60 CACHED

#61 [aggregator stage-1 3/5] COPY --from=build /app/services/inference/models /app/inference-models
#61 CACHED

#62 [aggregator stage-1 4/5] WORKDIR /app
#62 CACHED

#63 [aggregator stage-1 5/5] COPY keys ./keys
#63 CACHED

#59 [features] exporting to image
#59 exporting attestation manifest sha256:f60843e6a1a87137524ef4688072a1f210b48764923775f8f8bf29644f9af1a1 0.0s done
#59 exporting manifest list sha256:f376b10df4a9c1ac8faba23bb95388193f4e6ea907ec7e93270146bc97575883 0.0s done
#59 naming to docker.io/library/docker-features:latest done
#59 unpacking to docker.io/library/docker-features:latest 0.0s done
#59 DONE 0.3s

#64 [aggregator] exporting to image
#64 exporting layers 0.0s done
#64 exporting manifest sha256:6e8a71e694beba8664b3a064af17e86169555c9ee8272c1398646df36bfdb2ca done
#64 exporting config sha256:049d783db67d8de18b1f8015b31b21683fd4a2c62523235319d109296eb021ef done
#64 exporting attestation manifest sha256:4ef4ae0659a7cc70ada3565053741da76a5da98671faf9a09e984fcd49a516bd 0.0s done
#64 exporting manifest list sha256:4830afbf670056feebab6237a3af1d51ff5352be39a02043803f81356991a9ae 0.0s done
#64 naming to docker.io/library/docker-aggregator:latest done
#64 unpacking to docker.io/library/docker-aggregator:latest 0.1s done
#64 DONE 0.3s

#30 [alerts build 6/6] RUN CGO_ENABLED=0 GOOS=linux go build -o /bin/service ./cmd/alerts
#30 DONE 50.2s

#65 [alerts stage-1 4/5] WORKDIR /app
#65 CACHED

#66 [alerts stage-1 2/5] COPY --from=build /bin/service /app/service
#66 CACHED

#67 [alerts stage-1 3/5] COPY --from=build /app/services/inference/models /app/inference-models
#67 CACHED

#68 [alerts stage-1 5/5] COPY keys ./keys
#68 CACHED

#69 [alerts] exporting to image
#69 exporting layers 0.0s done
#69 exporting manifest sha256:c82fc95fde4d993103c0bc0f5c54feb06ac4897a50e5df9a1da027abcf62951d done
#69 exporting config sha256:c0ba3eb9b6d114279f291fe144e960ed1d7b7942957c61e571907348b73af6ef done
#69 exporting attestation manifest sha256:2ed2529af6c6615fe1803b5960cfdf81712e5f77ecc58eecb624c3ebc9cb901b 0.0s done
#69 exporting manifest list sha256:3147432932a60348c941b5195b94ab74a60e5f0f86f62934a6dfa966e1733aba 0.0s done
#69 naming to docker.io/library/docker-alerts:latest
#69 naming to docker.io/library/docker-alerts:latest done
#69 unpacking to docker.io/library/docker-alerts:latest 0.1s done
#69 DONE 0.3s

#70 [features] resolving provenance for metadata file
#70 DONE 0.0s

#71 [aggregator] resolving provenance for metadata file
#71 DONE 0.0s

#72 [alerts] resolving provenance for metadata file
#72 DONE 0.0s
 Image docker-features Built 
 Image docker-gateway-api Built 
 Image docker-query Built 
 Image docker-aggregator Built 
 Image docker-simulator Built 
 Image docker-alerts Built 
 Image docker-governance Built 
 Image docker-inference Built 
 Network docker_default Creating 
 Network docker_default Created 
 Container docker-postgres-1 Creating 
 Container docker-grafana-1 Creating 
 Container docker-redpanda-1 Creating 
 Container docker-prometheus-1 Creating 
 Container docker-redis-1 Creating 
 Container docker-redpanda-1 Created 
 Container docker-topics-init-1 Creating 
 Container docker-prometheus-1 Created 
 Container docker-grafana-1 Created 
 Container docker-postgres-1 Created 
 Container docker-migrate-1 Creating 
 Container docker-redis-1 Created 
 Container docker-topics-init-1 Created 
 Container docker-inference-1 Creating 
 Container docker-simulator-1 Creating 
 Container docker-migrate-1 Created 
 Container docker-alerts-1 Creating 
 Container docker-gateway-api-1 Creating 
 Container docker-aggregator-1 Creating 
 Container docker-query-1 Creating 
 Container docker-features-1 Creating 
 Container docker-governance-1 Creating 
 Container docker-inference-1 Created 
 Container docker-simulator-1 Created 
 Container docker-aggregator-1 Created 
 Container docker-governance-1 Created 
 Container docker-features-1 Created 
 Container docker-query-1 Created 
 Container docker-alerts-1 Created 
 Container docker-gateway-api-1 Created 
 Container docker-web-1 Creating 
 Container docker-web-1 Created 
 Container docker-redpanda-1 Starting 
 Container docker-redis-1 Starting 
 Container docker-grafana-1 Starting 
 Container docker-prometheus-1 Starting 
 Container docker-postgres-1 Starting 
 Container docker-redpanda-1 Started 
 Container docker-redpanda-1 Waiting 
 Container docker-redis-1 Started 
 Container docker-prometheus-1 Started 
 Container docker-postgres-1 Started 
 Container docker-postgres-1 Waiting 
 Container docker-grafana-1 Started 
 Container docker-redpanda-1 Healthy 
 Container docker-topics-init-1 Starting 
 Container docker-postgres-1 Healthy 
 Container docker-migrate-1 Starting 
 Container docker-topics-init-1 Started 
 Container docker-topics-init-1 Waiting 
 Container docker-redpanda-1 Waiting 
 Container docker-topics-init-1 Waiting 
 Container docker-migrate-1 Started 
 Container docker-migrate-1 Waiting 
 Container docker-topics-init-1 Waiting 
 Container docker-postgres-1 Waiting 
 Container docker-postgres-1 Waiting 
 Container docker-redpanda-1 Waiting 
 Container docker-migrate-1 Waiting 
 Container docker-topics-init-1 Waiting 
 Container docker-postgres-1 Waiting 
 Container docker-redpanda-1 Waiting 
 Container docker-redis-1 Waiting 
 Container docker-migrate-1 Waiting 
 Container docker-migrate-1 Waiting 
 Container docker-topics-init-1 Waiting 
 Container docker-redpanda-1 Waiting 
 Container docker-redis-1 Waiting 
 Container docker-redis-1 Waiting 
 Container docker-migrate-1 Waiting 
 Container docker-postgres-1 Waiting 
 Container docker-migrate-1 Waiting 
 Container docker-topics-init-1 Waiting 
 Container docker-postgres-1 Waiting 
 Container docker-redpanda-1 Waiting 
 Container docker-redis-1 Waiting 
 Container docker-postgres-1 Waiting 
 Container docker-redpanda-1 Healthy 
 Container docker-redpanda-1 Healthy 
 Container docker-postgres-1 Healthy 
 Container docker-postgres-1 Healthy 
 Container docker-redpanda-1 Healthy 
 Container docker-redis-1 Healthy 
 Container docker-redpanda-1 Healthy 
 Container docker-postgres-1 Healthy 
 Container docker-postgres-1 Healthy 
 Container docker-postgres-1 Healthy 
 Container docker-redis-1 Healthy 
 Container docker-redpanda-1 Healthy 
 Container docker-postgres-1 Healthy 
 Container docker-redis-1 Healthy 
 Container docker-redis-1 Healthy 
 Container docker-migrate-1 Error service "migrate" didn't complete successfully: exit 3
 Container docker-migrate-1 Error service "migrate" didn't complete successfully: exit 3
 Container docker-migrate-1 Error service "migrate" didn't complete successfully: exit 3
 Container docker-migrate-1 Error service "migrate" didn't complete successfully: exit 3
 Container docker-migrate-1 Error service "migrate" didn't complete successfully: exit 3
 Container docker-migrate-1 Error service "migrate" didn't complete successfully: exit 3
 Container docker-topics-init-1 Exited 
 Container docker-simulator-1 Starting 
 Container docker-topics-init-1 Exited 
 Container docker-inference-1 Starting 
 Container docker-inference-1 Started 
 Container docker-simulator-1 Started 
service "migrate" didn't complete successfully: exit 3
